[{"Id":1,"Locker":{"NroSerie":"AA123AA","Locker":[{"Enable":true,"Puerta":false,"Ocupacion":false,"TempMax":0,"TempMin":0,"AlamrNro":0,"Libre":null,"Size":"S","Id":1}],"LastUpdateTime":"2023-12-20T11:53:02.3093984-03:00","Status":"connected","Empresa":null},"Token":862766,"Box":null,"Tama\u00F1o":{"Id":1,"Name":"S","Alto":1,"Ancho":1,"Profundidad":1},"FechaInicio":"2023-12-20T10:00:00","FechaFin":"2023-12-27T15:00:00","FechaCreacion":"2023-12-20T11:53:02.6527817-03:00","Modo":null,"Contador":54,"Confirmado":true}]