[{"IpLocker":"oasfhasohdkajdgsjas","IdServer":100,"NumeroCorrespondiente":0},{"IpLocker":"pepe","IdServer":100,"NumeroCorrespondiente":1},{"IpLocker":"pepe","IdServer":100,"NumeroCorrespondiente":2},{"IpLocker":"pepe","IdServer":100,"NumeroCorrespondiente":3},{"IpLocker":"pepe","IdServer":100,"NumeroCorrespondiente":4},{"IpLocker":"qwer","IdServer":4,"NumeroCorrespondiente":123},{"IpLocker":"hgasdfg","IdServer":14,"NumeroCorrespondiente":12345678}]