[{"Locker":{"NroSerie":"SLP-Anselmo1","Locker":[{"Enable":true,"Puerta":false,"Ocupacion":false,"TempMax":0,"TempMin":0,"AlamrNro":0,"State":null,"Size":null,"Id":1},{"Enable":true,"Puerta":false,"Ocupacion":false,"TempMax":0,"TempMin":0,"AlamrNro":0,"State":null,"Size":null,"Id":2},{"Enable":true,"Puerta":false,"Ocupacion":false,"TempMax":0,"TempMin":0,"AlamrNro":0,"State":null,"Size":null,"Id":3}],"LastUpdateTime":"2023-12-05T17:42:16.9946841-03:00","Status":"disconnected","Empresa":null},"Token":"123","Box":"1","FechaInicio":"2023-12-08T00:00:00","FechaFin":"2023-12-30T00:00:00","Modo":"Por fecha","Contador":-1}]