[{"Id":1,"Nombre":"IAN","Descripcion":"ian","Email":"pedronp02@gmail.com","Direccion":"aca","Telefono":"1126751814","CUIT":"21314325676","NombreContacto":"Ansel"},{"Id":3,"Nombre":"Name","Descripcion":"Descrip","Email":"ema","Direccion":"direc","Telefono":"tele","CUIT":"cui","NombreContacto":"name contact"}]