[{"NroSerie":"SLP-Anselmo1","Locker":[{"Enable":true,"Puerta":false,"Ocupacion":false,"TempMax":0,"TempMin":0,"AlamrNro":0,"State":null,"Size":null,"Id":1},{"Enable":true,"Puerta":false,"Ocupacion":false,"TempMax":0,"TempMin":0,"AlamrNro":0,"State":null,"Size":null,"Id":2},{"Enable":true,"Puerta":false,"Ocupacion":false,"TempMax":0,"TempMin":0,"AlamrNro":0,"State":null,"Size":null,"Id":3}],"LastUpdateTime":"2023-12-05T17:42:16.9946841-03:00","Status":"disconnected","Empresa":null},{"NroSerie":"SLP-Anselmo","Locker":[{"Enable":true,"Puerta":false,"Ocupacion":false,"TempMax":0,"TempMin":0,"AlamrNro":0,"State":null,"Size":null,"Id":1},{"Enable":true,"Puerta":false,"Ocupacion":false,"TempMax":0,"TempMin":0,"AlamrNro":0,"State":null,"Size":null,"Id":2},{"Enable":true,"Puerta":false,"Ocupacion":false,"TempMax":0,"TempMin":0,"AlamrNro":0,"State":null,"Size":null,"Id":3}],"LastUpdateTime":"2023-12-05T17:50:49.8656176-03:00","Status":"connected","Empresa":null}]